// Jest Snapshot v1, https://goo.gl/fbAQLP

exports[`<MuiPaginationTableRow /> snapshot 1`] = `
<tr
  className="MuiTableRow-root makeStyles-root-2"
  role={null}
>
  <td
    aria-sort="ascending"
    className="MuiTableCell-root makeStyles-root-8 MuiTableCell-alignCenter"
  >
    <div
      className="MuiTypography-root makeStyles-root-21 MuiTypography-body1"
    >
      <span
        className="MuiTypography-root makeStyles-root-22 MuiTypography-body1"
      >
         Single table row 
      </span>
    </div>
  </td>
</tr>
`;
