// Jest Snapshot v1, https://goo.gl/fbAQLP

exports[`<MuiIconButtonDownload /> snapshot 1`] = `
<button
  className="MuiButtonBase-root MuiIconButton-root makeStyles-root-36"
  data-testid="muiIconButton"
  disabled={false}
  onBlur={[Function]}
  onClick={[Function]}
  onDragLeave={[Function]}
  onFocus={[Function]}
  onKeyDown={[Function]}
  onKeyUp={[Function]}
  onMouseDown={[Function]}
  onMouseLeave={[Function]}
  onMouseUp={[Function]}
  onTouchEnd={[Function]}
  onTouchMove={[Function]}
  onTouchStart={[Function]}
  tabIndex={0}
  type="button"
>
  <span
    className="MuiIconButton-label"
  >
    <span
      aria-hidden={true}
      className="material-icons MuiIcon-root makeStyles-root-37 MuiIcon-colorSecondary"
    >
      android
    </span>
  </span>
</button>
`;
