// Jest Snapshot v1, https://goo.gl/fbAQLP

exports[`<MuiFade /> should render MuiGridList 1`] = `ShallowWrapper {}`;

exports[`<MuiFade /> snapshot 1`] = `
<div
  className="makeStyles-root-2"
>
  <div
    style={
      Object {
        "opacity": 0,
        "visibility": "hidden",
      }
    }
  />
</div>
`;
