// Jest Snapshot v1, https://goo.gl/fbAQLP

exports[`<MuiGrow /> should render MuiGridList 1`] = `ShallowWrapper {}`;

exports[`<MuiGrow /> snapshot 1`] = `
<div
  className="makeStyles-root-2"
>
  <div
    style={
      Object {
        "opacity": 0,
        "transform": "scale(0.75, 0.5625)",
        "visibility": "hidden",
      }
    }
  />
</div>
`;
