// Jest Snapshot v1, https://goo.gl/fbAQLP

exports[`<MuiGridList /> snapshot 1`] = `
<div
  className="makeStyles-root-1"
>
  <ul
    className="MuiGridList-root makeStyles-root-4"
    style={
      Object {
        "margin": -2,
      }
    }
  >
    <li
      className="MuiGridListTile-root"
      style={
        Object {
          "height": 184,
          "padding": 2,
          "width": "33.333333333333336%",
        }
      }
    >
      <div
        className="MuiGridListTile-tile"
      >
        <img
          alt="bubble gum"
          src="www.test.com"
        />
        <div
          className="MuiGridListTileBar-root makeStyles-root-10 MuiGridListTileBar-titlePositionBottom MuiGridListTileBar-rootSubtitle"
        >
          <div
            className="MuiGridListTileBar-titleWrap MuiGridListTileBar-titleWrapActionPosRight"
          >
            <div
              className="MuiGridListTileBar-title"
            >
              home
            </div>
            <div
              className="MuiGridListTileBar-subtitle"
            >
              <span>
                test1
              </span>
            </div>
          </div>
          <div
            className="MuiGridListTileBar-actionIcon"
          >
            <button
              className="MuiButtonBase-root MuiIconButton-root makeStyles-root-22"
              data-testid="muiIconButton"
              disabled={false}
              onBlur={[Function]}
              onClick={[Function]}
              onDragLeave={[Function]}
              onFocus={[Function]}
              onKeyDown={[Function]}
              onKeyUp={[Function]}
              onMouseDown={[Function]}
              onMouseLeave={[Function]}
              onMouseUp={[Function]}
              onTouchEnd={[Function]}
              onTouchMove={[Function]}
              onTouchStart={[Function]}
              tabIndex={0}
              type="button"
            >
              <span
                className="MuiIconButton-label"
              >
                <span
                  aria-hidden={true}
                  className="material-icons MuiIcon-root makeStyles-root-35 MuiIcon-colorSecondary"
                >
                  home
                </span>
              </span>
            </button>
          </div>
        </div>
      </div>
    </li>
  </ul>
</div>
`;
