// Jest Snapshot v1, https://goo.gl/fbAQLP

exports[`<MuiTableBody /> snapshot 1`] = `
<tbody
  className="MuiTableBody-root makeStyles-root-2"
  role={null}
>
  <tr
    className="MuiTableRow-root makeStyles-root-4"
    role={null}
  >
    <td
      aria-sort={null}
      className="MuiTableCell-root MuiTableCell-body makeStyles-root-10 MuiTableCell-alignCenter"
    >
      <div
        className="MuiTypography-root makeStyles-root-23 MuiTypography-body1 MuiTypography-colorInherit"
      >
        <span
          className="MuiTypography-root makeStyles-root-24 MuiTypography-body1"
        >
           table body 1 
        </span>
      </div>
    </td>
  </tr>
</tbody>
`;
