// Jest Snapshot v1, https://goo.gl/fbAQLP

exports[`<MuiDialogTitle /> snapshot 1`] = `
<div
  className="MuiDialogTitle-root makeStyles-root-3"
>
  text
  <button
    aria-label="close"
    className="MuiButtonBase-root MuiIconButton-root"
    disabled={false}
    onBlur={[Function]}
    onClick={[MockFunction]}
    onDragLeave={[Function]}
    onFocus={[Function]}
    onKeyDown={[Function]}
    onKeyUp={[Function]}
    onMouseDown={[Function]}
    onMouseLeave={[Function]}
    onMouseUp={[Function]}
    onTouchEnd={[Function]}
    onTouchMove={[Function]}
    onTouchStart={[Function]}
    tabIndex={0}
    type="button"
  >
    <span
      className="MuiIconButton-label"
    >
      <svg
        aria-hidden={true}
        className="MuiSvgIcon-root"
        focusable="false"
        viewBox="0 0 24 24"
      >
        <path
          d="M19 6.41L17.59 5 12 10.59 6.41 5 5 6.41 10.59 12 5 17.59 6.41 19 12 13.41 17.59 19 19 17.59 13.41 12z"
        />
        <path
          d="M0 0h24v24H0z"
          fill="none"
        />
      </svg>
    </span>
  </button>
</div>
`;
