// Jest Snapshot v1, https://goo.gl/fbAQLP

exports[`<MuiListItemIcon /> snapshot 1`] = `
<div
  className="MuiListItemIcon-root makeStyles-root-3"
>
  <span
    aria-hidden={true}
    className="material-icons MuiIcon-root makeStyles-root-4 MuiIcon-colorSecondary"
  >
    android
  </span>
</div>
`;
