// Jest Snapshot v1, https://goo.gl/fbAQLP

exports[`<MuiTableCell /> snapshot 1`] = `
<td
  aria-sort="ascending"
  className="MuiTableCell-root makeStyles-root-2"
>
  <div
    className="MuiTypography-root makeStyles-root-3 MuiTypography-body1"
  >
    <span
      className="MuiTypography-root makeStyles-root-4 MuiTypography-body1"
    >
       Single table row 
    </span>
  </div>
</td>
`;
