// Jest Snapshot v1, https://goo.gl/fbAQLP

exports[`<MuiTooltip /> snapshot 1`] = `
<button
  aria-describedby={null}
  className="MuiButtonBase-root MuiIconButton-root makeStyles-root-3"
  disabled={false}
  onBlur={[Function]}
  onDragLeave={[Function]}
  onFocus={[Function]}
  onKeyDown={[Function]}
  onKeyUp={[Function]}
  onMouseDown={[Function]}
  onMouseLeave={[Function]}
  onMouseOver={[Function]}
  onMouseUp={[Function]}
  onTouchEnd={[Function]}
  onTouchMove={[Function]}
  onTouchStart={[Function]}
  tabIndex={0}
  title="title text"
  type="button"
>
  <span
    className="MuiIconButton-label"
  >
    <button
      className="MuiButtonBase-root MuiIconButton-root makeStyles-root-27"
      data-testid="muiIconButton"
      disabled={false}
      onBlur={[Function]}
      onClick={[Function]}
      onDragLeave={[Function]}
      onFocus={[Function]}
      onKeyDown={[Function]}
      onKeyUp={[Function]}
      onMouseDown={[Function]}
      onMouseLeave={[Function]}
      onMouseUp={[Function]}
      onTouchEnd={[Function]}
      onTouchMove={[Function]}
      onTouchStart={[Function]}
      tabIndex={0}
      type="button"
    >
      <span
        className="MuiIconButton-label"
      >
        <span
          aria-hidden={true}
          className="material-icons MuiIcon-root makeStyles-root-28 MuiIcon-colorSecondary"
        >
          star
        </span>
      </span>
      <span
        className="MuiTouchRipple-root"
      />
    </button>
  </span>
  <span
    className="MuiTouchRipple-root"
  />
</button>
`;
