// Jest Snapshot v1, https://goo.gl/fbAQLP

exports[`<GridItem /> snapshot 1`] = `
<div
  className="MuiGrid-root makeStyles-root-3 MuiGrid-container MuiGrid-spacing-xs-2 MuiGrid-item MuiGrid-align-items-xs-center MuiGrid-justify-xs-center"
/>
`;
