// Jest Snapshot v1, https://goo.gl/fbAQLP

exports[`<MuiDialogContent /> snapshot 1`] = `
<div
  className="MuiDialogContent-root makeStyles-root-3"
>
  <div
    className="MuiTypography-root makeStyles-root-6 MuiTypography-body1"
  >
    <span
      className="MuiTypography-root makeStyles-root-7 MuiTypography-body1"
    >
       text 
    </span>
  </div>
</div>
`;
