// Jest Snapshot v1, https://goo.gl/fbAQLP

exports[`<MuiVideo /> should render MuiVideo 1`] = `ShallowWrapper {}`;

exports[`<MuiVideo /> snapshot 1`] = `
<div
  style={
    Object {
      "height": "500px",
      "width": "640px",
    }
  }
/>
`;
