// Jest Snapshot v1, https://goo.gl/fbAQLP

exports[`<DropDownMenu /> snapshot with auth 1`] = `
<div
  className="dropdown"
>
  <button
    className="MuiButtonBase-root MuiButton-root MuiButton-text MuiButton-textSecondary"
    disabled={false}
    onBlur={[Function]}
    onDragLeave={[Function]}
    onFocus={[Function]}
    onKeyDown={[Function]}
    onKeyUp={[Function]}
    onMouseDown={[Function]}
    onMouseLeave={[Function]}
    onMouseUp={[Function]}
    onTouchEnd={[Function]}
    onTouchMove={[Function]}
    onTouchStart={[Function]}
    tabIndex={0}
    type="button"
  >
    <span
      className="MuiButton-label"
    >
      
      <span
        className="MuiButton-endIcon MuiButton-iconSizeMedium"
      >
        <svg
          aria-hidden="true"
          className="MuiSvgIcon-root"
          focusable="false"
          role="presentation"
          viewBox="0 0 24 24"
        >
          <path
            d="M7 10l5 5 5-5z"
          />
          <path
            d="M0 0h24v24H0z"
            fill="none"
          />
        </svg>
      </span>
    </span>
  </button>
  <div
    className="MuiPaper-root dropdownContent MuiPaper-outlined MuiPaper-rounded"
  >
    <p>
      here
    </p>
  </div>
</div>
`;
