// Jest Snapshot v1, https://goo.gl/fbAQLP

exports[`<MuiMenuItem /> snapshot with auth 1`] = `
<li
  aria-disabled={false}
  className="MuiButtonBase-root MuiListItem-root MuiMenuItem-root makeStyles-root-32 MuiMenuItem-gutters MuiListItem-gutters MuiListItem-button"
  onBlur={[Function]}
  onClick={[Function]}
  onDragLeave={[Function]}
  onFocus={[Function]}
  onKeyDown={[Function]}
  onKeyUp={[Function]}
  onMouseDown={[Function]}
  onMouseLeave={[Function]}
  onMouseUp={[Function]}
  onTouchEnd={[Function]}
  onTouchMove={[Function]}
  onTouchStart={[Function]}
  role="menuitem"
  tabIndex={-1}
>
  buttonText
</li>
`;
