// Jest Snapshot v1, https://goo.gl/fbAQLP

exports[`<MuiZoom /> should render MuiGridList 1`] = `ShallowWrapper {}`;

exports[`<MuiZoom /> snapshot 1`] = `
<div
  className="makeStyles-root-2"
>
  <div
    style={
      Object {
        "transform": "scale(0)",
        "visibility": "hidden",
      }
    }
  />
</div>
`;
