// Jest Snapshot v1, https://goo.gl/fbAQLP

exports[`<MuiTableHead /> snapshot 1`] = `
<thead
  className="MuiTableHead-root makeStyles-root-2"
  role={null}
>
  <tr
    className="MuiTableRow-root makeStyles-root-4 MuiTableRow-head"
    role={null}
  >
    <th
      aria-sort={null}
      className="MuiTableCell-root MuiTableCell-head makeStyles-root-10"
      scope="col"
    >
      <p
        className="MuiTypography-root makeStyles-root-23 MuiTypography-body1"
      >
        wooo
      </p>
    </th>
  </tr>
</thead>
`;
