// Jest Snapshot v1, https://goo.gl/fbAQLP

exports[`<MuiGridItem /> snapshot 1`] = `
<div
  className="MuiGrid-root makeStyles-root-3 MuiGrid-container MuiGrid-spacing-xs-2 MuiGrid-item MuiGrid-align-items-xs-center MuiGrid-justify-xs-center"
>
  <span
    aria-hidden={true}
    className="material-icons MuiIcon-root makeStyles-root-4 MuiIcon-colorSecondary"
  >
    android
  </span>
  <button
    className="MuiButtonBase-root MuiButton-root MuiButton-text makeStyles-root-5 MuiButton-textSecondary MuiButton-fullWidth"
    data-testid="muiButton"
    disabled={false}
    onBlur={[Function]}
    onClick={[Function]}
    onDragLeave={[Function]}
    onFocus={[Function]}
    onKeyDown={[Function]}
    onKeyUp={[Function]}
    onMouseDown={[Function]}
    onMouseLeave={[Function]}
    onMouseUp={[Function]}
    onTouchEnd={[Function]}
    onTouchMove={[Function]}
    onTouchStart={[Function]}
    tabIndex={0}
    type="button"
  >
    <span
      className="MuiButton-label"
    >
      buttonText
    </span>
  </button>
  <div
    className="MuiGrid-root makeStyles-root-6"
    raised="false"
  >
    <div
      alt="alt"
      className="MuiCardMedia-root makeStyles-root-7"
      style={
        Object {
          "backgroundImage": "url(\\"img.com\\")",
        }
      }
      title="title"
    />
  </div>
  <div
    className="MuiTypography-root makeStyles-root-8 MuiTypography-body1"
  >
    <span
      className="MuiTypography-root makeStyles-root-9 MuiTypography-body1"
    >
       text 
    </span>
  </div>
  <div
    className="dropdown"
  >
    <button
      className="MuiButtonBase-root MuiButton-root MuiButton-text makeStyles-root-10"
      disabled={false}
      onBlur={[Function]}
      onDragLeave={[Function]}
      onFocus={[Function]}
      onKeyDown={[Function]}
      onKeyUp={[Function]}
      onMouseDown={[Function]}
      onMouseLeave={[Function]}
      onMouseUp={[Function]}
      onTouchEnd={[Function]}
      onTouchMove={[Function]}
      onTouchStart={[Function]}
      tabIndex={0}
      type="button"
    >
      <span
        className="MuiButton-label"
      >
        btnText
        <span
          className="MuiButton-endIcon MuiButton-iconSizeMedium"
        >
          <svg
            aria-hidden={true}
            className="MuiSvgIcon-root"
            focusable="false"
            viewBox="0 0 24 24"
          >
            <path
              d="M7 10l5 5 5-5z"
            />
            <path
              d="M0 0h24v24H0z"
              fill="none"
            />
          </svg>
        </span>
      </span>
    </button>
    <div
      className="MuiPaper-root dropdownContent MuiPaper-outlined MuiPaper-rounded"
    >
      <li
        aria-disabled={false}
        className="MuiButtonBase-root MuiListItem-root MuiMenuItem-root makeStyles-root-11 MuiMenuItem-gutters MuiListItem-gutters MuiListItem-button"
        onBlur={[Function]}
        onClick={[Function]}
        onDragLeave={[Function]}
        onFocus={[Function]}
        onKeyDown={[Function]}
        onKeyUp={[Function]}
        onMouseDown={[Function]}
        onMouseLeave={[Function]}
        onMouseUp={[Function]}
        onTouchEnd={[Function]}
        onTouchMove={[Function]}
        onTouchStart={[Function]}
        role="menuitem"
        tabIndex={-1}
      >
        buttonText
      </li>
    </div>
  </div>
  <div
    className="MuiPaper-root MuiExpansionPanel-root makeStyles-root-12 MuiExpansionPanel-rounded MuiPaper-elevation1 MuiPaper-rounded"
  >
    <div
      aria-disabled={false}
      aria-expanded={false}
      className="MuiButtonBase-root MuiExpansionPanelSummary-root makeStyles-root-13"
      onBlur={[Function]}
      onClick={[Function]}
      onDragLeave={[Function]}
      onFocus={[Function]}
      onKeyDown={[Function]}
      onKeyUp={[Function]}
      onMouseDown={[Function]}
      onMouseLeave={[Function]}
      onMouseUp={[Function]}
      onTouchEnd={[Function]}
      onTouchMove={[Function]}
      onTouchStart={[Function]}
      role="button"
      tabIndex={0}
    >
      <div
        className="MuiExpansionPanelSummary-content"
      >
        <span
          aria-hidden={true}
          className="material-icons MuiIcon-root makeStyles-root-14 MuiIcon-colorSecondary"
        >
          android
        </span>
      </div>
      <div
        aria-disabled={false}
        aria-hidden={true}
        className="MuiButtonBase-root MuiIconButton-root MuiExpansionPanelSummary-expandIcon MuiIconButton-edgeEnd"
        onBlur={[Function]}
        onDragLeave={[Function]}
        onFocus={[Function]}
        onKeyDown={[Function]}
        onKeyUp={[Function]}
        onMouseDown={[Function]}
        onMouseLeave={[Function]}
        onMouseUp={[Function]}
        onTouchEnd={[Function]}
        onTouchMove={[Function]}
        onTouchStart={[Function]}
        role={null}
        tabIndex={null}
      >
        <span
          className="MuiIconButton-label"
        >
          <span
            aria-hidden={true}
            className="material-icons MuiIcon-root makeStyles-root-15 MuiIcon-colorSecondary"
          >
            android
          </span>
        </span>
      </div>
    </div>
    <div
      className="MuiCollapse-container MuiCollapse-hidden"
      style={
        Object {
          "minHeight": "0px",
        }
      }
    >
      <div
        className="MuiCollapse-wrapper"
      >
        <div
          className="MuiCollapse-wrapperInner"
        >
          <div
            role="region"
          >
            <div
              className="MuiExpansionPanelDetails-root makeStyles-root-16"
            >
              <div
                className="MuiTypography-root makeStyles-root-17 MuiTypography-body1"
              >
                <span
                  className="MuiTypography-root makeStyles-root-18 MuiTypography-body1"
                >
                   text 
                </span>
              </div>
            </div>
          </div>
        </div>
      </div>
    </div>
  </div>
</div>
`;
